[0m16:38:08.649169 [debug] [MainThread]: Sending event: {'category': 'dbt', 'action': 'invocation', 'label': 'start', 'context': [<snowplow_tracker.self_describing_json.SelfDescribingJson object at 0x104886f00>, <snowplow_tracker.self_describing_json.SelfDescribingJson object at 0x1053260f0>, <snowplow_tracker.self_describing_json.SelfDescribingJson object at 0x105325d90>]}


============================== 16:38:08.652058 | 1e1c67a5-72cb-48c1-a09a-135580cc2c3b ==============================
[0m16:38:08.652058 [info ] [MainThread]: Running with dbt=1.12.0
[0m16:38:08.652336 [debug] [MainThread]: running dbt with arguments {'use_colors': 'True', 'invocation_command': 'dbt init', 'cache_selected_only': 'False', 'log_format': 'default', 'send_anonymous_usage_stats': 'True', 'indirect_selection': 'eager', 'warn_error_options': 'WarnErrorOptionsV2(error=[], warn=[], silence=[])', 'version_check': 'True', 'partial_parse': 'True', 'target_path': 'None', 'log_path': 'logs', 'log_cache_events': 'False', 'no_print': 'None', 'empty': 'None', 'quiet': 'False', 'printer_width': '80', 'debug': 'False', 'profiles_dir': '/Users/nobit/.dbt', 'hints_enabled': 'True', 'write_json': 'True', 'fail_fast': 'False', 'maximum_seed_size_mib': '1', 'static_parser': 'True', 'introspect': 'True', 'use_experimental_parser': 'False', 'warn_error': 'None'}
[0m16:38:27.399716 [debug] [MainThread]: Starter project path: /opt/anaconda3/lib/python3.12/site-packages/dbt/include/starter_project
[0m16:38:27.415835 [info ] [MainThread]: Setting up your profile.
[0m16:38:36.350314 [error] [MainThread]: [[31mERROR[0m]: Encountered an error:

[0m16:38:36.356263 [error] [MainThread]: Traceback (most recent call last):
  File "/opt/anaconda3/lib/python3.12/site-packages/dbt/cli/requires.py", line 190, in wrapper
    result, success = func(*args, **kwargs)
                      ^^^^^^^^^^^^^^^^^^^^^
  File "/opt/anaconda3/lib/python3.12/site-packages/dbt/cli/requires.py", line 136, in wrapper
    return func(*args, **kwargs)
           ^^^^^^^^^^^^^^^^^^^^^
  File "/opt/anaconda3/lib/python3.12/site-packages/dbt/cli/main.py", line 503, in init
    results = task.run()
              ^^^^^^^^^^
  File "/opt/anaconda3/lib/python3.12/site-packages/dbt/task/init.py", line 360, in run
    self.setup_profile(profile_name)
  File "/opt/anaconda3/lib/python3.12/site-packages/dbt/task/init.py", line 264, in setup_profile
    self.create_profile_from_target(adapter, profile_name=profile_name)
  File "/opt/anaconda3/lib/python3.12/site-packages/dbt/task/init.py", line 181, in create_profile_from_target
    self.create_profile_from_profile_template(profile_template, profile_name)
  File "/opt/anaconda3/lib/python3.12/site-packages/dbt/task/init.py", line 165, in create_profile_from_profile_template
    target = self.generate_target_from_input(prompts, initial_target)
             ^^^^^^^^^^^^^^^^^^^^^^^^^^^^^^^^^^^^^^^^^^^^^^^^^^^^^^^^
  File "/opt/anaconda3/lib/python3.12/site-packages/dbt/task/init.py", line 131, in generate_target_from_input
    target[key] = click.prompt(
                  ^^^^^^^^^^^^^
  File "/opt/anaconda3/lib/python3.12/site-packages/click/termui.py", line 218, in prompt
    value = prompt_func(prompt)
            ^^^^^^^^^^^^^^^^^^^
  File "/opt/anaconda3/lib/python3.12/site-packages/click/termui.py", line 201, in prompt_func
    raise Abort() from None
click.exceptions.Abort

[0m16:38:36.367580 [debug] [MainThread]: Resource report: {"command_name": "init", "command_success": false, "command_wall_clock_time": 27.757114, "process_in_blocks": "0", "process_kernel_time": 0.16942, "process_mem_max_rss": "119373824", "process_out_blocks": "0", "process_user_time": 0.640534}
[0m16:38:36.368659 [debug] [MainThread]: Command `dbt init` failed at 16:38:36.368456 after 27.76 seconds
[0m16:38:36.369207 [debug] [MainThread]: Sending event: {'category': 'dbt', 'action': 'invocation', 'label': 'end', 'context': [<snowplow_tracker.self_describing_json.SelfDescribingJson object at 0x105326210>, <snowplow_tracker.self_describing_json.SelfDescribingJson object at 0x1054183e0>, <snowplow_tracker.self_describing_json.SelfDescribingJson object at 0x1053e5c40>]}
[0m16:38:36.369715 [debug] [MainThread]: Flushing usage events
[0m16:38:37.710606 [debug] [MainThread]: An error was encountered while trying to flush usage events
[0m16:40:06.517844 [debug] [MainThread]: Sending event: {'category': 'dbt', 'action': 'invocation', 'label': 'start', 'context': [<snowplow_tracker.self_describing_json.SelfDescribingJson object at 0x10941b200>, <snowplow_tracker.self_describing_json.SelfDescribingJson object at 0x10aa62090>, <snowplow_tracker.self_describing_json.SelfDescribingJson object at 0x10aa61d60>]}


============================== 16:40:06.520491 | c943442a-4f9a-4a9a-b9fc-18801c7b8a04 ==============================
[0m16:40:06.520491 [info ] [MainThread]: Running with dbt=1.12.0
[0m16:40:06.520773 [debug] [MainThread]: running dbt with arguments {'write_json': 'True', 'log_cache_events': 'False', 'warn_error': 'None', 'log_path': 'logs', 'printer_width': '80', 'target_path': 'None', 'static_parser': 'True', 'debug': 'False', 'maximum_seed_size_mib': '1', 'partial_parse': 'True', 'hints_enabled': 'True', 'log_format': 'default', 'no_print': 'None', 'use_experimental_parser': 'False', 'empty': 'None', 'version_check': 'True', 'use_colors': 'True', 'invocation_command': 'dbt init web_analytics --profile profile_web_analytics', 'indirect_selection': 'eager', 'introspect': 'True', 'profiles_dir': '/Users/nobit/.dbt', 'cache_selected_only': 'False', 'quiet': 'False', 'send_anonymous_usage_stats': 'True', 'fail_fast': 'False', 'warn_error_options': 'WarnErrorOptionsV2(error=[], warn=[], silence=[])'}
[0m16:40:06.529402 [debug] [MainThread]: Starter project path: /opt/anaconda3/lib/python3.12/site-packages/dbt/include/starter_project
[0m16:40:06.534727 [info ] [MainThread]: Running dbt debug to validate the project...
[0m16:40:06.535115 [info ] [MainThread]: dbt version: 1.12.0
[0m16:40:06.535294 [info ] [MainThread]: python version: 3.12.7
[0m16:40:06.535422 [info ] [MainThread]: python path: /opt/anaconda3/bin/python
[0m16:40:06.535536 [info ] [MainThread]: os info: macOS-15.3.1-arm64-arm-64bit
[0m16:40:06.585568 [info ] [MainThread]: Using profiles dir at /Users/nobit/.dbt
[0m16:40:06.585814 [info ] [MainThread]: Using profiles.yml file at /Users/nobit/.dbt/profiles.yml
[0m16:40:06.585952 [info ] [MainThread]: Using dbt_project.yml file at /Users/nobit/Documents/Development/web_analytics/web_analytics/dbt_project.yml
[0m16:40:06.586075 [info ] [MainThread]: adapter type: sqlserver
[0m16:40:06.586190 [info ] [MainThread]: adapter version: 1.11.0
[0m16:40:06.626320 [info ] [MainThread]: Configuration:
[0m16:40:06.626574 [info ] [MainThread]:   profiles.yml file [[32mOK found and valid[0m]
[0m16:40:06.626711 [info ] [MainThread]:   dbt_project.yml file [[32mOK found and valid[0m]
[0m16:40:06.626826 [info ] [MainThread]: Required dependencies:
[0m16:40:06.626994 [debug] [MainThread]: Executing "git --help"
[0m16:40:06.633124 [debug] [MainThread]: STDOUT: "b"usage: git [-v | --version] [-h | --help] [-C <path>] [-c <name>=<value>]\n           [--exec-path[=<path>]] [--html-path] [--man-path] [--info-path]\n           [-p | --paginate | -P | --no-pager] [--no-replace-objects] [--no-lazy-fetch]\n           [--no-optional-locks] [--no-advice] [--bare] [--git-dir=<path>]\n           [--work-tree=<path>] [--namespace=<name>] [--config-env=<name>=<envvar>]\n           <command> [<args>]\n\nThese are common Git commands used in various situations:\n\nstart a working area (see also: git help tutorial)\n   clone     Clone a repository into a new directory\n   init      Create an empty Git repository or reinitialize an existing one\n\nwork on the current change (see also: git help everyday)\n   add       Add file contents to the index\n   mv        Move or rename a file, a directory, or a symlink\n   restore   Restore working tree files\n   rm        Remove files from the working tree and from the index\n\nexamine the history and state (see also: git help revisions)\n   bisect    Use binary search to find the commit that introduced a bug\n   diff      Show changes between commits, commit and working tree, etc\n   grep      Print lines matching a pattern\n   log       Show commit logs\n   show      Show various types of objects\n   status    Show the working tree status\n\ngrow, mark and tweak your common history\n   branch    List, create, or delete branches\n   commit    Record changes to the repository\n   merge     Join two or more development histories together\n   rebase    Reapply commits on top of another base tip\n   reset     Reset current HEAD to the specified state\n   switch    Switch branches\n   tag       Create, list, delete or verify a tag object signed with GPG\n\ncollaborate (see also: git help workflows)\n   fetch     Download objects and refs from another repository\n   pull      Fetch from and integrate with another repository or a local branch\n   push      Update remote refs along with associated objects\n\n'git help -a' and 'git help -g' list available subcommands and some\nconcept guides. See 'git help <command>' or 'git help <concept>'\nto read about a specific subcommand or concept.\nSee 'git help git' for an overview of the system.\n""
[0m16:40:06.633571 [debug] [MainThread]: STDERR: "b''"
[0m16:40:06.633727 [info ] [MainThread]:  - git [[32mOK found[0m]

[0m16:40:06.633869 [info ] [MainThread]: Connection:
[0m16:40:06.634032 [info ] [MainThread]:   driver: ODBC Driver 18 for SQL Server
[0m16:40:06.634155 [info ] [MainThread]:   server: 45.124.94.158
[0m16:40:06.634262 [info ] [MainThread]:   port: 1433
[0m16:40:06.634369 [info ] [MainThread]:   database: xomdata_dataset
[0m16:40:06.634475 [info ] [MainThread]:   schema: web_analytics
[0m16:40:06.634578 [info ] [MainThread]:   UID: anhvipham0904
[0m16:40:06.634679 [info ] [MainThread]:   authentication: sql
[0m16:40:06.634783 [info ] [MainThread]:   windows_login: False
[0m16:40:06.634881 [info ] [MainThread]:   retries: 3
[0m16:40:06.634981 [info ] [MainThread]:   login_timeout: 0
[0m16:40:06.635083 [info ] [MainThread]:   query_timeout: 0
[0m16:40:06.635181 [info ] [MainThread]:   trace_flag: False
[0m16:40:06.635280 [info ] [MainThread]:   encrypt: True
[0m16:40:06.635380 [info ] [MainThread]:   trust_cert: True
[0m16:40:06.635477 [info ] [MainThread]:   backend: pyodbc
[0m16:40:06.635578 [info ] [MainThread]:   xact_abort: True
[0m16:40:06.635864 [info ] [MainThread]: Registered adapter: sqlserver=1.11.0
[0m16:40:06.688810 [warn ] [MainThread]: [[33mWARNING[0m]: When True, uses SQL Server-native string type mappings: STRING -> VARCHAR(MAX), NCHAR -> NCHAR(1), NVARCHAR -> NVARCHAR(4000). When False (default), preserves legacy mappings: STRING and NVARCHAR -> VARCHAR(8000), NCHAR -> CHAR(1). The new behaviour is intended to become the default in a future release.
You may opt into the new behavior sooner by setting `flags.dbt_sqlserver_use_native_string_types` to `True` in `dbt_project.yml`.
Visit https://docs.getdbt.com/reference/global-configs/behavior-changes for more information.
[0m16:40:06.689237 [debug] [MainThread]: Sending event: {'category': 'dbt', 'action': 'BehaviorChangeEvent', 'label': 'c943442a-4f9a-4a9a-b9fc-18801c7b8a04', 'context': [<snowplow_tracker.self_describing_json.SelfDescribingJson object at 0x10b23c950>]}
[0m16:40:06.689475 [warn ] [MainThread]: [[33mWARNING[0m]: When True, dbt transaction hooks (begin/commit) emit real T-SQL BEGIN TRANSACTION / COMMIT TRANSACTION statements. When False (default and legacy), begin/commit are no-ops and each statement is auto-committed by the driver. This means earlier successful statements are not rolled back if a later statement fails. This behavior is intended to become the default in a future release.
You may opt into the new behavior sooner by setting `flags.dbt_sqlserver_use_dbt_transactions` to `True` in `dbt_project.yml`.
Visit https://docs.getdbt.com/reference/global-configs/behavior-changes for more information.
[0m16:40:06.689656 [debug] [MainThread]: Sending event: {'category': 'dbt', 'action': 'BehaviorChangeEvent', 'label': 'c943442a-4f9a-4a9a-b9fc-18801c7b8a04', 'context': [<snowplow_tracker.self_describing_json.SelfDescribingJson object at 0x10a8b3560>]}
[0m16:40:06.689896 [debug] [MainThread]: Acquiring new sqlserver connection 'debug'
[0m16:40:06.690054 [debug] [MainThread]: Using sqlserver connection "debug"
[0m16:40:06.690160 [debug] [MainThread]: On debug: select 1 as id
[0m16:40:06.690263 [debug] [MainThread]: Opening a new connection, currently in state init
[0m16:40:06.727746 [debug] [MainThread]: sqlserver adapter: Using connection string: DRIVER={ODBC Driver 18 for SQL Server};SERVER=45.124.94.158,1433;Database=xomdata_dataset;UID=***;PWD=***;encrypt=Yes;TrustServerCertificate=Yes;APP=dbt-sqlserver/1.11.0;Pooling=true;SQL_ATTR_TRACE=SQL_OPT_TRACE_OFF;ConnectRetryCount=3;ConnectRetryInterval=10
[0m16:40:09.056444 [debug] [MainThread]: sqlserver adapter: Connected to db: xomdata_dataset
[0m16:40:09.654993 [debug] [MainThread]: SQL status: OK in 3.000 seconds
[0m16:40:09.658615 [debug] [MainThread]: On debug: Close
[0m16:40:09.659587 [info ] [MainThread]:   Connection test: [[32mOK connection ok[0m]

[0m16:40:09.660341 [info ] [MainThread]: [32mAll checks passed![0m
[0m16:40:09.661406 [info ] [MainThread]: Your new dbt project "web_analytics" was created!
Initialized new project in /Users/nobit/Documents/Development/web_analytics/web_analytics/web_analytics

For more information on how to configure the profiles.yml file,
please consult the dbt documentation here:

  https://docs.getdbt.com/docs/configure-your-profile

One more thing:

Need help? Don't hesitate to reach out to us via GitHub issues or on Slack:

  https://community.getdbt.com/

Happy modeling!

[0m16:40:09.665566 [debug] [MainThread]: Resource report: {"command_name": "init", "command_success": true, "command_wall_clock_time": 3.185698, "process_in_blocks": "0", "process_kernel_time": 0.186076, "process_mem_max_rss": "130301952", "process_out_blocks": "0", "process_user_time": 0.730148}
[0m16:40:09.666556 [debug] [MainThread]: Command `dbt init` succeeded at 16:40:09.666365 after 3.19 seconds
[0m16:40:09.667904 [debug] [MainThread]: Connection 'debug' was properly closed.
[0m16:40:09.668588 [debug] [MainThread]: Sending event: {'category': 'dbt', 'action': 'invocation', 'label': 'end', 'context': [<snowplow_tracker.self_describing_json.SelfDescribingJson object at 0x10a2a6930>, <snowplow_tracker.self_describing_json.SelfDescribingJson object at 0x1049c2ea0>, <snowplow_tracker.self_describing_json.SelfDescribingJson object at 0x10af68ef0>]}
[0m16:40:09.669349 [debug] [MainThread]: Flushing usage events
[0m16:40:11.041326 [debug] [MainThread]: An error was encountered while trying to flush usage events
[0m16:49:30.605935 [debug] [MainThread]: Sending event: {'category': 'dbt', 'action': 'invocation', 'label': 'start', 'context': [<snowplow_tracker.self_describing_json.SelfDescribingJson object at 0x1094c7f50>, <snowplow_tracker.self_describing_json.SelfDescribingJson object at 0x1096f6180>, <snowplow_tracker.self_describing_json.SelfDescribingJson object at 0x1096f5c40>]}


============================== 16:49:30.608453 | 71ac98be-2469-46f7-8902-b5dff031a161 ==============================
[0m16:49:30.608453 [info ] [MainThread]: Running with dbt=1.12.0
[0m16:49:30.608731 [debug] [MainThread]: running dbt with arguments {'use_experimental_parser': 'False', 'introspect': 'True', 'log_format': 'default', 'empty': 'None', 'invocation_command': 'dbt debug', 'log_path': '/Users/nobit/Documents/Development/web_analytics/logs', 'send_anonymous_usage_stats': 'True', 'fail_fast': 'False', 'no_print': 'None', 'write_json': 'True', 'indirect_selection': 'eager', 'warn_error': 'None', 'profiles_dir': '/Users/nobit/.dbt', 'cache_selected_only': 'False', 'version_check': 'True', 'target_path': 'None', 'hints_enabled': 'True', 'static_parser': 'True', 'partial_parse': 'True', 'debug': 'False', 'quiet': 'False', 'maximum_seed_size_mib': '1', 'printer_width': '80', 'warn_error_options': 'WarnErrorOptionsV2(error=[], warn=[], silence=[])', 'use_colors': 'True', 'log_cache_events': 'False'}
[0m16:49:30.617467 [info ] [MainThread]: dbt version: 1.12.0
[0m16:49:30.617702 [info ] [MainThread]: python version: 3.12.7
[0m16:49:30.617825 [info ] [MainThread]: python path: /opt/anaconda3/bin/python
[0m16:49:30.617938 [info ] [MainThread]: os info: macOS-15.3.1-arm64-arm-64bit
[0m16:49:30.695245 [info ] [MainThread]: Using profiles dir at /Users/nobit/.dbt
[0m16:49:30.695455 [info ] [MainThread]: Using profiles.yml file at /Users/nobit/.dbt/profiles.yml
[0m16:49:30.695589 [info ] [MainThread]: Using dbt_project.yml file at /Users/nobit/Documents/Development/web_analytics/dbt_project.yml
[0m16:49:30.695699 [info ] [MainThread]: adapter type: sqlserver
[0m16:49:30.695803 [info ] [MainThread]: adapter version: 1.11.0
[0m16:49:30.732643 [info ] [MainThread]: Configuration:
[0m16:49:30.732863 [info ] [MainThread]:   profiles.yml file [[32mOK found and valid[0m]
[0m16:49:30.732984 [info ] [MainThread]:   dbt_project.yml file [[32mOK found and valid[0m]
[0m16:49:30.733093 [info ] [MainThread]: Required dependencies:
[0m16:49:30.733247 [debug] [MainThread]: Executing "git --help"
[0m16:49:30.743476 [debug] [MainThread]: STDOUT: "b"usage: git [-v | --version] [-h | --help] [-C <path>] [-c <name>=<value>]\n           [--exec-path[=<path>]] [--html-path] [--man-path] [--info-path]\n           [-p | --paginate | -P | --no-pager] [--no-replace-objects] [--no-lazy-fetch]\n           [--no-optional-locks] [--no-advice] [--bare] [--git-dir=<path>]\n           [--work-tree=<path>] [--namespace=<name>] [--config-env=<name>=<envvar>]\n           <command> [<args>]\n\nThese are common Git commands used in various situations:\n\nstart a working area (see also: git help tutorial)\n   clone     Clone a repository into a new directory\n   init      Create an empty Git repository or reinitialize an existing one\n\nwork on the current change (see also: git help everyday)\n   add       Add file contents to the index\n   mv        Move or rename a file, a directory, or a symlink\n   restore   Restore working tree files\n   rm        Remove files from the working tree and from the index\n\nexamine the history and state (see also: git help revisions)\n   bisect    Use binary search to find the commit that introduced a bug\n   diff      Show changes between commits, commit and working tree, etc\n   grep      Print lines matching a pattern\n   log       Show commit logs\n   show      Show various types of objects\n   status    Show the working tree status\n\ngrow, mark and tweak your common history\n   branch    List, create, or delete branches\n   commit    Record changes to the repository\n   merge     Join two or more development histories together\n   rebase    Reapply commits on top of another base tip\n   reset     Reset current HEAD to the specified state\n   switch    Switch branches\n   tag       Create, list, delete or verify a tag object signed with GPG\n\ncollaborate (see also: git help workflows)\n   fetch     Download objects and refs from another repository\n   pull      Fetch from and integrate with another repository or a local branch\n   push      Update remote refs along with associated objects\n\n'git help -a' and 'git help -g' list available subcommands and some\nconcept guides. See 'git help <command>' or 'git help <concept>'\nto read about a specific subcommand or concept.\nSee 'git help git' for an overview of the system.\n""
[0m16:49:30.743893 [debug] [MainThread]: STDERR: "b''"
[0m16:49:30.744041 [info ] [MainThread]:  - git [[32mOK found[0m]

[0m16:49:30.744175 [info ] [MainThread]: Connection:
[0m16:49:30.744334 [info ] [MainThread]:   driver: ODBC Driver 18 for SQL Server
[0m16:49:30.744470 [info ] [MainThread]:   server: 45.124.94.158
[0m16:49:30.744582 [info ] [MainThread]:   port: 1433
[0m16:49:30.744688 [info ] [MainThread]:   database: xomdata_dataset
[0m16:49:30.744789 [info ] [MainThread]:   schema: web_analytics
[0m16:49:30.744889 [info ] [MainThread]:   UID: anhvipham0904
[0m16:49:30.744989 [info ] [MainThread]:   authentication: sql
[0m16:49:30.745089 [info ] [MainThread]:   windows_login: False
[0m16:49:30.745205 [info ] [MainThread]:   retries: 3
[0m16:49:30.745304 [info ] [MainThread]:   login_timeout: 0
[0m16:49:30.745400 [info ] [MainThread]:   query_timeout: 0
[0m16:49:30.745499 [info ] [MainThread]:   trace_flag: False
[0m16:49:30.745599 [info ] [MainThread]:   encrypt: True
[0m16:49:30.745695 [info ] [MainThread]:   trust_cert: True
[0m16:49:30.745790 [info ] [MainThread]:   backend: pyodbc
[0m16:49:30.745889 [info ] [MainThread]:   xact_abort: True
[0m16:49:30.746133 [info ] [MainThread]: Registered adapter: sqlserver=1.11.0
[0m16:49:30.783215 [warn ] [MainThread]: [[33mWARNING[0m]: When True, uses SQL Server-native string type mappings: STRING -> VARCHAR(MAX), NCHAR -> NCHAR(1), NVARCHAR -> NVARCHAR(4000). When False (default), preserves legacy mappings: STRING and NVARCHAR -> VARCHAR(8000), NCHAR -> CHAR(1). The new behaviour is intended to become the default in a future release.
You may opt into the new behavior sooner by setting `flags.dbt_sqlserver_use_native_string_types` to `True` in `dbt_project.yml`.
Visit https://docs.getdbt.com/reference/global-configs/behavior-changes for more information.
[0m16:49:30.783721 [debug] [MainThread]: Sending event: {'category': 'dbt', 'action': 'BehaviorChangeEvent', 'label': '71ac98be-2469-46f7-8902-b5dff031a161', 'context': [<snowplow_tracker.self_describing_json.SelfDescribingJson object at 0x109c5f8c0>]}
[0m16:49:30.783959 [warn ] [MainThread]: [[33mWARNING[0m]: When True, dbt transaction hooks (begin/commit) emit real T-SQL BEGIN TRANSACTION / COMMIT TRANSACTION statements. When False (default and legacy), begin/commit are no-ops and each statement is auto-committed by the driver. This means earlier successful statements are not rolled back if a later statement fails. This behavior is intended to become the default in a future release.
You may opt into the new behavior sooner by setting `flags.dbt_sqlserver_use_dbt_transactions` to `True` in `dbt_project.yml`.
Visit https://docs.getdbt.com/reference/global-configs/behavior-changes for more information.
[0m16:49:30.784130 [debug] [MainThread]: Sending event: {'category': 'dbt', 'action': 'BehaviorChangeEvent', 'label': '71ac98be-2469-46f7-8902-b5dff031a161', 'context': [<snowplow_tracker.self_describing_json.SelfDescribingJson object at 0x10965ad20>]}
[0m16:49:30.784360 [debug] [MainThread]: Acquiring new sqlserver connection 'debug'
[0m16:49:30.784518 [debug] [MainThread]: Using sqlserver connection "debug"
[0m16:49:30.784632 [debug] [MainThread]: On debug: select 1 as id
[0m16:49:30.784736 [debug] [MainThread]: Opening a new connection, currently in state init
[0m16:49:30.788789 [debug] [MainThread]: sqlserver adapter: Using connection string: DRIVER={ODBC Driver 18 for SQL Server};SERVER=45.124.94.158,1433;Database=xomdata_dataset;UID=***;PWD=***;encrypt=Yes;TrustServerCertificate=Yes;APP=dbt-sqlserver/1.11.0;Pooling=true;SQL_ATTR_TRACE=SQL_OPT_TRACE_OFF;ConnectRetryCount=3;ConnectRetryInterval=10
[0m16:49:32.842390 [debug] [MainThread]: sqlserver adapter: Connected to db: xomdata_dataset
[0m16:49:33.282918 [debug] [MainThread]: SQL status: OK in 2.000 seconds
[0m16:49:33.286332 [debug] [MainThread]: On debug: Close
[0m16:49:33.287144 [info ] [MainThread]:   Connection test: [[32mOK connection ok[0m]

[0m16:49:33.287740 [info ] [MainThread]: [32mAll checks passed![0m
[0m16:49:33.295060 [debug] [MainThread]: Resource report: {"command_name": "debug", "command_success": true, "command_wall_clock_time": 2.7288556, "process_in_blocks": "0", "process_kernel_time": 0.177653, "process_mem_max_rss": "135708672", "process_out_blocks": "0", "process_user_time": 0.709848}
[0m16:49:33.296727 [debug] [MainThread]: Command `dbt debug` succeeded at 16:49:33.296432 after 2.73 seconds
[0m16:49:33.298024 [debug] [MainThread]: Connection 'debug' was properly closed.
[0m16:49:33.298866 [debug] [MainThread]: Sending event: {'category': 'dbt', 'action': 'invocation', 'label': 'end', 'context': [<snowplow_tracker.self_describing_json.SelfDescribingJson object at 0x109ae9cd0>, <snowplow_tracker.self_describing_json.SelfDescribingJson object at 0x1094c7f50>, <snowplow_tracker.self_describing_json.SelfDescribingJson object at 0x1096adaf0>]}
[0m16:49:33.300728 [debug] [MainThread]: Flushing usage events
[0m16:49:34.639605 [debug] [MainThread]: An error was encountered while trying to flush usage events
[0m18:03:04.325341 [debug] [MainThread]: Sending event: {'category': 'dbt', 'action': 'invocation', 'label': 'start', 'context': [<snowplow_tracker.self_describing_json.SelfDescribingJson object at 0x107f92d80>, <snowplow_tracker.self_describing_json.SelfDescribingJson object at 0x108d7e1e0>, <snowplow_tracker.self_describing_json.SelfDescribingJson object at 0x108d7dca0>]}


============================== 18:03:04.327829 | 16123268-5bc3-4656-9bd1-74ba5a609c6a ==============================
[0m18:03:04.327829 [info ] [MainThread]: Running with dbt=1.12.0
[0m18:03:04.328115 [debug] [MainThread]: running dbt with arguments {'fail_fast': 'False', 'use_colors': 'True', 'quiet': 'False', 'warn_error_options': 'WarnErrorOptionsV2(error=[], warn=[], silence=[])', 'debug': 'False', 'invocation_command': 'dbt debug', 'hints_enabled': 'True', 'indirect_selection': 'eager', 'log_format': 'default', 'log_path': '/Users/nobit/Documents/Development/web_analytics/logs', 'printer_width': '80', 'warn_error': 'None', 'write_json': 'True', 'profiles_dir': '/Users/nobit/.dbt', 'cache_selected_only': 'False', 'log_cache_events': 'False', 'version_check': 'True', 'use_experimental_parser': 'False', 'target_path': 'None', 'no_print': 'None', 'empty': 'None', 'static_parser': 'True', 'maximum_seed_size_mib': '1', 'introspect': 'True', 'send_anonymous_usage_stats': 'True', 'partial_parse': 'True'}
[0m18:03:04.337325 [info ] [MainThread]: dbt version: 1.12.0
[0m18:03:04.337576 [info ] [MainThread]: python version: 3.12.7
[0m18:03:04.337699 [info ] [MainThread]: python path: /opt/anaconda3/bin/python
[0m18:03:04.337813 [info ] [MainThread]: os info: macOS-15.3.1-arm64-arm-64bit
[0m18:03:04.386042 [info ] [MainThread]: Using profiles dir at /Users/nobit/.dbt
[0m18:03:04.386256 [info ] [MainThread]: Using profiles.yml file at /Users/nobit/.dbt/profiles.yml
[0m18:03:04.386380 [info ] [MainThread]: Using dbt_project.yml file at /Users/nobit/Documents/Development/web_analytics/dbt_project.yml
[0m18:03:04.386491 [info ] [MainThread]: adapter type: sqlserver
[0m18:03:04.386599 [info ] [MainThread]: adapter version: 1.11.0
[0m18:03:04.424645 [info ] [MainThread]: Configuration:
[0m18:03:04.424900 [info ] [MainThread]:   profiles.yml file [[32mOK found and valid[0m]
[0m18:03:04.425050 [info ] [MainThread]:   dbt_project.yml file [[32mOK found and valid[0m]
[0m18:03:04.425160 [info ] [MainThread]: Required dependencies:
[0m18:03:04.425320 [debug] [MainThread]: Executing "git --help"
[0m18:03:04.435337 [debug] [MainThread]: STDOUT: "b"usage: git [-v | --version] [-h | --help] [-C <path>] [-c <name>=<value>]\n           [--exec-path[=<path>]] [--html-path] [--man-path] [--info-path]\n           [-p | --paginate | -P | --no-pager] [--no-replace-objects] [--no-lazy-fetch]\n           [--no-optional-locks] [--no-advice] [--bare] [--git-dir=<path>]\n           [--work-tree=<path>] [--namespace=<name>] [--config-env=<name>=<envvar>]\n           <command> [<args>]\n\nThese are common Git commands used in various situations:\n\nstart a working area (see also: git help tutorial)\n   clone     Clone a repository into a new directory\n   init      Create an empty Git repository or reinitialize an existing one\n\nwork on the current change (see also: git help everyday)\n   add       Add file contents to the index\n   mv        Move or rename a file, a directory, or a symlink\n   restore   Restore working tree files\n   rm        Remove files from the working tree and from the index\n\nexamine the history and state (see also: git help revisions)\n   bisect    Use binary search to find the commit that introduced a bug\n   diff      Show changes between commits, commit and working tree, etc\n   grep      Print lines matching a pattern\n   log       Show commit logs\n   show      Show various types of objects\n   status    Show the working tree status\n\ngrow, mark and tweak your common history\n   branch    List, create, or delete branches\n   commit    Record changes to the repository\n   merge     Join two or more development histories together\n   rebase    Reapply commits on top of another base tip\n   reset     Reset current HEAD to the specified state\n   switch    Switch branches\n   tag       Create, list, delete or verify a tag object signed with GPG\n\ncollaborate (see also: git help workflows)\n   fetch     Download objects and refs from another repository\n   pull      Fetch from and integrate with another repository or a local branch\n   push      Update remote refs along with associated objects\n\n'git help -a' and 'git help -g' list available subcommands and some\nconcept guides. See 'git help <command>' or 'git help <concept>'\nto read about a specific subcommand or concept.\nSee 'git help git' for an overview of the system.\n""
[0m18:03:04.435781 [debug] [MainThread]: STDERR: "b''"
[0m18:03:04.435934 [info ] [MainThread]:  - git [[32mOK found[0m]

[0m18:03:04.436077 [info ] [MainThread]: Connection:
[0m18:03:04.436248 [info ] [MainThread]:   driver: ODBC Driver 18 for SQL Server
[0m18:03:04.436382 [info ] [MainThread]:   server: 45.124.94.158
[0m18:03:04.436582 [info ] [MainThread]:   port: 1433
[0m18:03:04.436733 [info ] [MainThread]:   database: xomdata_dataset
[0m18:03:04.436858 [info ] [MainThread]:   schema: web_analytics
[0m18:03:04.436977 [info ] [MainThread]:   UID: anhvipham0904
[0m18:03:04.437083 [info ] [MainThread]:   authentication: sql
[0m18:03:04.437187 [info ] [MainThread]:   windows_login: False
[0m18:03:04.437289 [info ] [MainThread]:   retries: 3
[0m18:03:04.437387 [info ] [MainThread]:   login_timeout: 0
[0m18:03:04.437486 [info ] [MainThread]:   query_timeout: 0
[0m18:03:04.437587 [info ] [MainThread]:   trace_flag: False
[0m18:03:04.437689 [info ] [MainThread]:   encrypt: True
[0m18:03:04.437786 [info ] [MainThread]:   trust_cert: True
[0m18:03:04.437885 [info ] [MainThread]:   backend: pyodbc
[0m18:03:04.437980 [info ] [MainThread]:   xact_abort: True
[0m18:03:04.438254 [info ] [MainThread]: Registered adapter: sqlserver=1.11.0
[0m18:03:04.477236 [warn ] [MainThread]: [[33mWARNING[0m]: When True, uses SQL Server-native string type mappings: STRING -> VARCHAR(MAX), NCHAR -> NCHAR(1), NVARCHAR -> NVARCHAR(4000). When False (default), preserves legacy mappings: STRING and NVARCHAR -> VARCHAR(8000), NCHAR -> CHAR(1). The new behaviour is intended to become the default in a future release.
You may opt into the new behavior sooner by setting `flags.dbt_sqlserver_use_native_string_types` to `True` in `dbt_project.yml`.
Visit https://docs.getdbt.com/reference/global-configs/behavior-changes for more information.
[0m18:03:04.477626 [debug] [MainThread]: Sending event: {'category': 'dbt', 'action': 'BehaviorChangeEvent', 'label': '16123268-5bc3-4656-9bd1-74ba5a609c6a', 'context': [<snowplow_tracker.self_describing_json.SelfDescribingJson object at 0x1092803b0>]}
[0m18:03:04.477838 [warn ] [MainThread]: [[33mWARNING[0m]: When True, dbt transaction hooks (begin/commit) emit real T-SQL BEGIN TRANSACTION / COMMIT TRANSACTION statements. When False (default and legacy), begin/commit are no-ops and each statement is auto-committed by the driver. This means earlier successful statements are not rolled back if a later statement fails. This behavior is intended to become the default in a future release.
You may opt into the new behavior sooner by setting `flags.dbt_sqlserver_use_dbt_transactions` to `True` in `dbt_project.yml`.
Visit https://docs.getdbt.com/reference/global-configs/behavior-changes for more information.
[0m18:03:04.478000 [debug] [MainThread]: Sending event: {'category': 'dbt', 'action': 'BehaviorChangeEvent', 'label': '16123268-5bc3-4656-9bd1-74ba5a609c6a', 'context': [<snowplow_tracker.self_describing_json.SelfDescribingJson object at 0x10924d670>]}
[0m18:03:04.478231 [debug] [MainThread]: Acquiring new sqlserver connection 'debug'
[0m18:03:04.478393 [debug] [MainThread]: Using sqlserver connection "debug"
[0m18:03:04.478502 [debug] [MainThread]: On debug: select 1 as id
[0m18:03:04.478608 [debug] [MainThread]: Opening a new connection, currently in state init
[0m18:03:04.482181 [debug] [MainThread]: sqlserver adapter: Using connection string: DRIVER={ODBC Driver 18 for SQL Server};SERVER=45.124.94.158,1433;Database=xomdata_dataset;UID=***;PWD=***;encrypt=Yes;TrustServerCertificate=Yes;APP=dbt-sqlserver/1.11.0;Pooling=true;SQL_ATTR_TRACE=SQL_OPT_TRACE_OFF;ConnectRetryCount=3;ConnectRetryInterval=10
[0m18:03:06.759948 [debug] [MainThread]: sqlserver adapter: Connected to db: xomdata_dataset
[0m18:03:07.230779 [debug] [MainThread]: SQL status: OK in 3.000 seconds
[0m18:03:07.234441 [debug] [MainThread]: On debug: Close
[0m18:03:07.235318 [info ] [MainThread]:   Connection test: [[32mOK connection ok[0m]

[0m18:03:07.236085 [info ] [MainThread]: [32mAll checks passed![0m
[0m18:03:07.244984 [debug] [MainThread]: Resource report: {"command_name": "debug", "command_success": true, "command_wall_clock_time": 2.9641542, "process_in_blocks": "0", "process_kernel_time": 0.165616, "process_mem_max_rss": "135479296", "process_out_blocks": "0", "process_user_time": 0.721993}
[0m18:03:07.247921 [debug] [MainThread]: Command `dbt debug` succeeded at 18:03:07.247700 after 2.97 seconds
[0m18:03:07.248471 [debug] [MainThread]: Connection 'debug' was properly closed.
[0m18:03:07.248912 [debug] [MainThread]: Sending event: {'category': 'dbt', 'action': 'invocation', 'label': 'end', 'context': [<snowplow_tracker.self_describing_json.SelfDescribingJson object at 0x104a3eed0>, <snowplow_tracker.self_describing_json.SelfDescribingJson object at 0x107bfc680>, <snowplow_tracker.self_describing_json.SelfDescribingJson object at 0x108c20a10>]}
[0m18:03:07.249316 [debug] [MainThread]: Flushing usage events
[0m18:03:08.681015 [debug] [MainThread]: An error was encountered while trying to flush usage events
[0m18:03:27.689135 [debug] [MainThread]: Sending event: {'category': 'dbt', 'action': 'invocation', 'label': 'start', 'context': [<snowplow_tracker.self_describing_json.SelfDescribingJson object at 0x1058c5d60>, <snowplow_tracker.self_describing_json.SelfDescribingJson object at 0x105b0fb00>, <snowplow_tracker.self_describing_json.SelfDescribingJson object at 0x105b0f5c0>]}


============================== 18:03:27.691737 | 8e88ebff-2b60-47de-8879-bf309ddd027e ==============================
[0m18:03:27.691737 [info ] [MainThread]: Running with dbt=1.12.0
[0m18:03:27.692056 [debug] [MainThread]: running dbt with arguments {'log_cache_events': 'False', 'log_format': 'default', 'profiles_dir': '/Users/nobit/.dbt', 'maximum_seed_size_mib': '1', 'send_anonymous_usage_stats': 'True', 'target_path': 'None', 'warn_error_options': 'WarnErrorOptionsV2(error=[], warn=[], silence=[])', 'introspect': 'True', 'static_parser': 'True', 'debug': 'False', 'use_colors': 'True', 'cache_selected_only': 'False', 'invocation_command': 'dbt show --inline \nSELECT\n  (SELECT COUNT(*) FROM web_analytics.website_pageviews) AS pageviews,\n  (SELECT COUNT(*) FROM web_analytics.website_sessions) AS sessions,\n  (SELECT COUNT(*) FROM web_analytics.orders) AS orders,\n  (SELECT COUNT(*) FROM web_analytics.order_items) AS order_items,\n  (SELECT COUNT(*) FROM web_analytics.order_item_refunds) AS refunds,\n  (SELECT COUNT(*) FROM web_analytics.products) AS products\n --limit 5', 'no_print': 'None', 'indirect_selection': 'eager', 'partial_parse': 'True', 'write_json': 'True', 'warn_error': 'None', 'quiet': 'False', 'printer_width': '80', 'hints_enabled': 'True', 'use_experimental_parser': 'False', 'empty': 'None', 'log_path': '/Users/nobit/Documents/Development/web_analytics/logs', 'version_check': 'True', 'fail_fast': 'False'}
[0m18:03:27.806845 [debug] [MainThread]: Sending event: {'category': 'dbt', 'action': 'project_id', 'label': '8e88ebff-2b60-47de-8879-bf309ddd027e', 'context': [<snowplow_tracker.self_describing_json.SelfDescribingJson object at 0x105f62330>]}
[0m18:03:27.829075 [debug] [MainThread]: Sending event: {'category': 'dbt', 'action': 'adapter_info', 'label': '8e88ebff-2b60-47de-8879-bf309ddd027e', 'context': [<snowplow_tracker.self_describing_json.SelfDescribingJson object at 0x1056fafc0>]}
[0m18:03:27.835149 [info ] [MainThread]: Registered adapter: sqlserver=1.11.0
[0m18:03:27.875324 [warn ] [MainThread]: [[33mWARNING[0m]: When True, uses SQL Server-native string type mappings: STRING -> VARCHAR(MAX), NCHAR -> NCHAR(1), NVARCHAR -> NVARCHAR(4000). When False (default), preserves legacy mappings: STRING and NVARCHAR -> VARCHAR(8000), NCHAR -> CHAR(1). The new behaviour is intended to become the default in a future release.
You may opt into the new behavior sooner by setting `flags.dbt_sqlserver_use_native_string_types` to `True` in `dbt_project.yml`.
Visit https://docs.getdbt.com/reference/global-configs/behavior-changes for more information.
[0m18:03:27.875724 [debug] [MainThread]: Sending event: {'category': 'dbt', 'action': 'BehaviorChangeEvent', 'label': '8e88ebff-2b60-47de-8879-bf309ddd027e', 'context': [<snowplow_tracker.self_describing_json.SelfDescribingJson object at 0x1060a2090>]}
[0m18:03:27.875928 [warn ] [MainThread]: [[33mWARNING[0m]: When True, dbt transaction hooks (begin/commit) emit real T-SQL BEGIN TRANSACTION / COMMIT TRANSACTION statements. When False (default and legacy), begin/commit are no-ops and each statement is auto-committed by the driver. This means earlier successful statements are not rolled back if a later statement fails. This behavior is intended to become the default in a future release.
You may opt into the new behavior sooner by setting `flags.dbt_sqlserver_use_dbt_transactions` to `True` in `dbt_project.yml`.
Visit https://docs.getdbt.com/reference/global-configs/behavior-changes for more information.
[0m18:03:27.876092 [debug] [MainThread]: Sending event: {'category': 'dbt', 'action': 'BehaviorChangeEvent', 'label': '8e88ebff-2b60-47de-8879-bf309ddd027e', 'context': [<snowplow_tracker.self_describing_json.SelfDescribingJson object at 0x10617bf80>]}
[0m18:03:27.881780 [debug] [MainThread]: checksum: 7eb2b923ea9c5d478a6c1fb993c566c960109f302f80a34acf4738f94a82111c, vars: {}, profile: profile_web_analytics, target: dev, version: 1.12.0
[0m18:03:27.882180 [info ] [MainThread]: Unable to do partial parsing because saved manifest not found. Starting full parse.
[0m18:03:27.882369 [debug] [MainThread]: Sending event: {'category': 'dbt', 'action': 'partial_parser', 'label': '8e88ebff-2b60-47de-8879-bf309ddd027e', 'context': [<snowplow_tracker.self_describing_json.SelfDescribingJson object at 0x10605d3a0>]}
[0m18:03:28.328706 [warn ] [MainThread]: [[33mWARNING[0m]: When True, uses dbt-core's standard schema concatenation (`target.schema` + `_` + `custom_schema_name`). When False (default), uses legacy adapter behaviour: `custom_schema_name` is used directly without prefixing `target.schema`. For a permanent solution, override the `sqlserver__generate_schema_name` macro in your project instead.
You may opt into the new behavior sooner by setting `flags.dbt_sqlserver_use_default_schema_concat` to `True` in `dbt_project.yml`.
Visit https://docs.getdbt.com/reference/global-configs/behavior-changes for more information.
[0m18:03:28.329044 [debug] [MainThread]: Sending event: {'category': 'dbt', 'action': 'BehaviorChangeEvent', 'label': '8e88ebff-2b60-47de-8879-bf309ddd027e', 'context': [<snowplow_tracker.self_describing_json.SelfDescribingJson object at 0x105f05be0>]}
[0m18:03:28.479146 [debug] [MainThread]: Sending event: {'category': 'dbt', 'action': 'load_project', 'label': '8e88ebff-2b60-47de-8879-bf309ddd027e', 'context': [<snowplow_tracker.self_describing_json.SelfDescribingJson object at 0x1067c0da0>]}
[0m18:03:28.518631 [debug] [MainThread]: Wrote artifact WritableManifest to /Users/nobit/Documents/Development/web_analytics/target/manifest.json
[0m18:03:28.520304 [debug] [MainThread]: Wrote artifact SemanticManifest to /Users/nobit/Documents/Development/web_analytics/target/semantic_manifest.json
[0m18:03:28.530995 [debug] [MainThread]: Wrote artifact OsiDocument to /Users/nobit/Documents/Development/web_analytics/target/osi_document.json
[0m18:03:28.582459 [debug] [MainThread]: Sending event: {'category': 'dbt', 'action': 'resource_counts', 'label': '8e88ebff-2b60-47de-8879-bf309ddd027e', 'context': [<snowplow_tracker.self_describing_json.SelfDescribingJson object at 0x1060ea810>]}
[0m18:03:28.582795 [info ] [MainThread]: Found 2 models, 4 data tests, 1 sql operation, 556 macros
[0m18:03:28.582944 [debug] [MainThread]: Sending event: {'category': 'dbt', 'action': 'runnable_timing', 'label': '8e88ebff-2b60-47de-8879-bf309ddd027e', 'context': [<snowplow_tracker.self_describing_json.SelfDescribingJson object at 0x106812720>]}
[0m18:03:28.583611 [info ] [MainThread]: 
[0m18:03:28.583752 [info ] [MainThread]: Concurrency: 4 threads (target='dev')
[0m18:03:28.583862 [info ] [MainThread]: 
[0m18:03:28.584062 [debug] [MainThread]: Acquiring new sqlserver connection 'master'
[0m18:03:28.585990 [debug] [ThreadPool]: Acquiring new sqlserver connection 'list_xomdata_dataset_web_analytics'
[0m18:03:28.594777 [debug] [ThreadPool]: dbt-sqlserver
[0m18:03:28.596004 [debug] [ThreadPool]: Using sqlserver connection "list_xomdata_dataset_web_analytics"
[0m18:03:28.596213 [debug] [ThreadPool]: On list_xomdata_dataset_web_analytics: /* {"app": "dbt", "dbt_version": "1.12.0", "profile_name": "profile_web_analytics", "target_name": "dev", "connection_name": "list_xomdata_dataset_web_analytics"} */
USE [xomdata_dataset];
    declare @schema_id int = schema_id('web_analytics');
    select
      DB_NAME() as [database],
      t.name as [name],
      'web_analytics' as [schema],
      'table' as table_type
    from sys.tables as t with (nolock)
    where t.schema_id = @schema_id
    union all
    select
      DB_NAME() as [database],
      v.name as [name],
      'web_analytics' as [schema],
      'view' as table_type
    from sys.views as v with (nolock)
    where v.schema_id = @schema_id
    
    OPTION (LABEL = 'dbt-sqlserver');

  
[0m18:03:28.596377 [debug] [ThreadPool]: Opening a new connection, currently in state init
[0m18:03:28.599716 [debug] [ThreadPool]: sqlserver adapter: Using connection string: DRIVER={ODBC Driver 18 for SQL Server};SERVER=45.124.94.158,1433;Database=xomdata_dataset;UID=***;PWD=***;encrypt=Yes;TrustServerCertificate=Yes;APP=dbt-sqlserver/1.11.0;Pooling=true;SQL_ATTR_TRACE=SQL_OPT_TRACE_OFF;ConnectRetryCount=3;ConnectRetryInterval=10
[0m18:03:30.982101 [debug] [ThreadPool]: sqlserver adapter: Connected to db: xomdata_dataset
[0m18:03:31.517749 [debug] [ThreadPool]: SQL status: OK in 3.000 seconds
[0m18:03:31.519799 [debug] [ThreadPool]: On list_xomdata_dataset_web_analytics: ROLLBACK
[0m18:03:31.520223 [debug] [ThreadPool]: On list_xomdata_dataset_web_analytics: Close
[0m18:03:31.521829 [debug] [MainThread]: Sending event: {'category': 'dbt', 'action': 'runnable_timing', 'label': '8e88ebff-2b60-47de-8879-bf309ddd027e', 'context': [<snowplow_tracker.self_describing_json.SelfDescribingJson object at 0x1068a8860>]}
[0m18:03:31.525980 [debug] [Thread-1 (]: Began running node sql_operation.web_analytics.inline_query
[0m18:03:31.526382 [debug] [Thread-1 (]: Re-using an available connection from the pool (formerly list_xomdata_dataset_web_analytics, now sql_operation.web_analytics.inline_query)
[0m18:03:31.526684 [debug] [Thread-1 (]: Began compiling node sql_operation.web_analytics.inline_query
[0m18:03:31.532202 [debug] [Thread-1 (]: Writing injected SQL for node "sql_operation.web_analytics.inline_query"
[0m18:03:31.533535 [debug] [Thread-1 (]: Began executing node sql_operation.web_analytics.inline_query
[0m18:03:31.540303 [debug] [Thread-1 (]: Using sqlserver connection "sql_operation.web_analytics.inline_query"
[0m18:03:31.540702 [debug] [Thread-1 (]: On sql_operation.web_analytics.inline_query: /* {"app": "dbt", "dbt_version": "1.12.0", "profile_name": "profile_web_analytics", "target_name": "dev", "node_id": "sql_operation.web_analytics.inline_query"} */

  
SELECT
  (SELECT COUNT(*) FROM web_analytics.website_pageviews) AS pageviews,
  (SELECT COUNT(*) FROM web_analytics.website_sessions) AS sessions,
  (SELECT COUNT(*) FROM web_analytics.orders) AS orders,
  (SELECT COUNT(*) FROM web_analytics.order_items) AS order_items,
  (SELECT COUNT(*) FROM web_analytics.order_item_refunds) AS refunds,
  (SELECT COUNT(*) FROM web_analytics.products) AS products

        order by (select null) offset 0 rows fetch first 5 rows only

[0m18:03:31.541006 [debug] [Thread-1 (]: Opening a new connection, currently in state closed
[0m18:03:31.541327 [debug] [Thread-1 (]: sqlserver adapter: Using connection string: DRIVER={ODBC Driver 18 for SQL Server};SERVER=45.124.94.158,1433;Database=xomdata_dataset;UID=***;PWD=***;encrypt=Yes;TrustServerCertificate=Yes;APP=dbt-sqlserver/1.11.0;Pooling=true;SQL_ATTR_TRACE=SQL_OPT_TRACE_OFF;ConnectRetryCount=3;ConnectRetryInterval=10
[0m18:03:31.541601 [debug] [Thread-1 (]: sqlserver adapter: Connected to db: xomdata_dataset
[0m18:03:32.541906 [debug] [Thread-1 (]: SQL status: OK in 1.000 seconds
[0m18:03:32.546041 [debug] [Thread-1 (]: On sql_operation.web_analytics.inline_query: Close
[0m18:03:32.547206 [debug] [Thread-1 (]: Finished running node sql_operation.web_analytics.inline_query
[0m18:03:32.548296 [debug] [MainThread]: Connection 'master' was properly closed.
[0m18:03:32.548614 [debug] [MainThread]: Connection 'sql_operation.web_analytics.inline_query' was properly closed.
[0m18:03:32.549238 [debug] [MainThread]: Command end result
[0m18:03:32.581692 [debug] [MainThread]: Wrote artifact WritableManifest to /Users/nobit/Documents/Development/web_analytics/target/manifest.json
[0m18:03:32.583173 [debug] [MainThread]: Wrote artifact SemanticManifest to /Users/nobit/Documents/Development/web_analytics/target/semantic_manifest.json
[0m18:03:32.584391 [debug] [MainThread]: Wrote artifact OsiDocument to /Users/nobit/Documents/Development/web_analytics/target/osi_document.json
[0m18:03:32.588418 [debug] [MainThread]: Wrote artifact RunExecutionResult to /Users/nobit/Documents/Development/web_analytics/target/run_results.json
[0m18:03:32.588687 [info ] [MainThread]: Previewing inline node:
| pageviews | sessions | orders | order_items | refunds | products |
| --------- | -------- | ------ | ----------- | ------- | -------- |
|   1188124 |   472871 |  32313 |       40025 |    1731 |        4 |

[0m18:03:32.590495 [debug] [MainThread]: Resource report: {"command_name": "show", "command_success": true, "command_wall_clock_time": 4.935469, "process_in_blocks": "0", "process_kernel_time": 0.172088, "process_mem_max_rss": "157515776", "process_out_blocks": "0", "process_user_time": 1.477012}
[0m18:03:32.590745 [debug] [MainThread]: Command `dbt show` succeeded at 18:03:32.590702 after 4.94 seconds
[0m18:03:32.590965 [debug] [MainThread]: Sending event: {'category': 'dbt', 'action': 'invocation', 'label': 'end', 'context': [<snowplow_tracker.self_describing_json.SelfDescribingJson object at 0x10685be30>, <snowplow_tracker.self_describing_json.SelfDescribingJson object at 0x105f04500>, <snowplow_tracker.self_describing_json.SelfDescribingJson object at 0x1068c4ec0>]}
[0m18:03:32.591155 [debug] [MainThread]: Flushing usage events
[0m18:03:33.873826 [debug] [MainThread]: An error was encountered while trying to flush usage events
[0m18:04:14.026098 [debug] [MainThread]: Sending event: {'category': 'dbt', 'action': 'invocation', 'label': 'start', 'context': [<snowplow_tracker.self_describing_json.SelfDescribingJson object at 0x103f77e60>, <snowplow_tracker.self_describing_json.SelfDescribingJson object at 0x1050ef9b0>, <snowplow_tracker.self_describing_json.SelfDescribingJson object at 0x1050ef470>]}


============================== 18:04:14.028774 | 845585e3-7ad9-4e93-b08c-8bbdb39d2931 ==============================
[0m18:04:14.028774 [info ] [MainThread]: Running with dbt=1.12.0
[0m18:04:14.029051 [debug] [MainThread]: running dbt with arguments {'send_anonymous_usage_stats': 'True', 'write_json': 'True', 'use_experimental_parser': 'False', 'printer_width': '80', 'hints_enabled': 'True', 'empty': 'None', 'warn_error_options': 'WarnErrorOptionsV2(error=[], warn=[], silence=[])', 'indirect_selection': 'eager', 'introspect': 'True', 'no_print': 'None', 'static_parser': 'True', 'partial_parse': 'True', 'log_cache_events': 'False', 'profiles_dir': '/Users/nobit/.dbt', 'warn_error': 'None', 'debug': 'False', 'quiet': 'False', 'use_colors': 'True', 'version_check': 'True', 'cache_selected_only': 'False', 'maximum_seed_size_mib': '1', 'fail_fast': 'False', 'target_path': 'None', 'log_path': '/Users/nobit/Documents/Development/web_analytics/logs', 'log_format': 'default', 'invocation_command': 'dbt show --inline \nSELECT device_type, COUNT(*) AS n\nFROM web_analytics.website_sessions\nGROUP BY device_type\n --limit 20'}
[0m18:04:14.127131 [debug] [MainThread]: Sending event: {'category': 'dbt', 'action': 'project_id', 'label': '845585e3-7ad9-4e93-b08c-8bbdb39d2931', 'context': [<snowplow_tracker.self_describing_json.SelfDescribingJson object at 0x1053ff020>]}
[0m18:04:14.149792 [debug] [MainThread]: Sending event: {'category': 'dbt', 'action': 'adapter_info', 'label': '845585e3-7ad9-4e93-b08c-8bbdb39d2931', 'context': [<snowplow_tracker.self_describing_json.SelfDescribingJson object at 0x10536ee40>]}
[0m18:04:14.156267 [info ] [MainThread]: Registered adapter: sqlserver=1.11.0
[0m18:04:14.195688 [warn ] [MainThread]: [[33mWARNING[0m]: When True, uses SQL Server-native string type mappings: STRING -> VARCHAR(MAX), NCHAR -> NCHAR(1), NVARCHAR -> NVARCHAR(4000). When False (default), preserves legacy mappings: STRING and NVARCHAR -> VARCHAR(8000), NCHAR -> CHAR(1). The new behaviour is intended to become the default in a future release.
You may opt into the new behavior sooner by setting `flags.dbt_sqlserver_use_native_string_types` to `True` in `dbt_project.yml`.
Visit https://docs.getdbt.com/reference/global-configs/behavior-changes for more information.
[0m18:04:14.196084 [debug] [MainThread]: Sending event: {'category': 'dbt', 'action': 'BehaviorChangeEvent', 'label': '845585e3-7ad9-4e93-b08c-8bbdb39d2931', 'context': [<snowplow_tracker.self_describing_json.SelfDescribingJson object at 0x1057573e0>]}
[0m18:04:14.196285 [warn ] [MainThread]: [[33mWARNING[0m]: When True, dbt transaction hooks (begin/commit) emit real T-SQL BEGIN TRANSACTION / COMMIT TRANSACTION statements. When False (default and legacy), begin/commit are no-ops and each statement is auto-committed by the driver. This means earlier successful statements are not rolled back if a later statement fails. This behavior is intended to become the default in a future release.
You may opt into the new behavior sooner by setting `flags.dbt_sqlserver_use_dbt_transactions` to `True` in `dbt_project.yml`.
Visit https://docs.getdbt.com/reference/global-configs/behavior-changes for more information.
[0m18:04:14.196449 [debug] [MainThread]: Sending event: {'category': 'dbt', 'action': 'BehaviorChangeEvent', 'label': '845585e3-7ad9-4e93-b08c-8bbdb39d2931', 'context': [<snowplow_tracker.self_describing_json.SelfDescribingJson object at 0x1056c9d90>]}
[0m18:04:14.201439 [debug] [MainThread]: checksum: 7eb2b923ea9c5d478a6c1fb993c566c960109f302f80a34acf4738f94a82111c, vars: {}, profile: profile_web_analytics, target: dev, version: 1.12.0
[0m18:04:14.257208 [debug] [MainThread]: Partial parsing enabled: 0 files deleted, 0 files added, 0 files changed.
[0m18:04:14.257400 [debug] [MainThread]: Nothing changed, skipping partial parsing.
[0m18:04:14.257520 [debug] [MainThread]: Partial parsing enabled, no changes found, skipping parsing
[0m18:04:14.261447 [debug] [MainThread]: Sending event: {'category': 'dbt', 'action': 'load_project', 'label': '845585e3-7ad9-4e93-b08c-8bbdb39d2931', 'context': [<snowplow_tracker.self_describing_json.SelfDescribingJson object at 0x1028855e0>]}
[0m18:04:14.309958 [debug] [MainThread]: Wrote artifact WritableManifest to /Users/nobit/Documents/Development/web_analytics/target/manifest.json
[0m18:04:14.311607 [debug] [MainThread]: Wrote artifact SemanticManifest to /Users/nobit/Documents/Development/web_analytics/target/semantic_manifest.json
[0m18:04:14.320992 [debug] [MainThread]: Wrote artifact OsiDocument to /Users/nobit/Documents/Development/web_analytics/target/osi_document.json
[0m18:04:14.401443 [warn ] [MainThread]: [[33mWARNING[0m]: When True, uses dbt-core's standard schema concatenation (`target.schema` + `_` + `custom_schema_name`). When False (default), uses legacy adapter behaviour: `custom_schema_name` is used directly without prefixing `target.schema`. For a permanent solution, override the `sqlserver__generate_schema_name` macro in your project instead.
You may opt into the new behavior sooner by setting `flags.dbt_sqlserver_use_default_schema_concat` to `True` in `dbt_project.yml`.
Visit https://docs.getdbt.com/reference/global-configs/behavior-changes for more information.
[0m18:04:14.401722 [debug] [MainThread]: Sending event: {'category': 'dbt', 'action': 'BehaviorChangeEvent', 'label': '845585e3-7ad9-4e93-b08c-8bbdb39d2931', 'context': [<snowplow_tracker.self_describing_json.SelfDescribingJson object at 0x105bae060>]}
[0m18:04:14.404020 [debug] [MainThread]: Sending event: {'category': 'dbt', 'action': 'resource_counts', 'label': '845585e3-7ad9-4e93-b08c-8bbdb39d2931', 'context': [<snowplow_tracker.self_describing_json.SelfDescribingJson object at 0x10588cef0>]}
[0m18:04:14.404210 [info ] [MainThread]: Found 2 models, 4 data tests, 1 sql operation, 556 macros
[0m18:04:14.404338 [debug] [MainThread]: Sending event: {'category': 'dbt', 'action': 'runnable_timing', 'label': '845585e3-7ad9-4e93-b08c-8bbdb39d2931', 'context': [<snowplow_tracker.self_describing_json.SelfDescribingJson object at 0x105b8f5f0>]}
[0m18:04:14.405016 [info ] [MainThread]: 
[0m18:04:14.405148 [info ] [MainThread]: Concurrency: 4 threads (target='dev')
[0m18:04:14.405254 [info ] [MainThread]: 
[0m18:04:14.405460 [debug] [MainThread]: Acquiring new sqlserver connection 'master'
[0m18:04:14.407585 [debug] [ThreadPool]: Acquiring new sqlserver connection 'list_xomdata_dataset_web_analytics'
[0m18:04:14.416024 [debug] [ThreadPool]: dbt-sqlserver
[0m18:04:14.417013 [debug] [ThreadPool]: Using sqlserver connection "list_xomdata_dataset_web_analytics"
[0m18:04:14.417152 [debug] [ThreadPool]: On list_xomdata_dataset_web_analytics: /* {"app": "dbt", "dbt_version": "1.12.0", "profile_name": "profile_web_analytics", "target_name": "dev", "connection_name": "list_xomdata_dataset_web_analytics"} */
USE [xomdata_dataset];
    declare @schema_id int = schema_id('web_analytics');
    select
      DB_NAME() as [database],
      t.name as [name],
      'web_analytics' as [schema],
      'table' as table_type
    from sys.tables as t with (nolock)
    where t.schema_id = @schema_id
    union all
    select
      DB_NAME() as [database],
      v.name as [name],
      'web_analytics' as [schema],
      'view' as table_type
    from sys.views as v with (nolock)
    where v.schema_id = @schema_id
    
    OPTION (LABEL = 'dbt-sqlserver');

  
[0m18:04:14.417274 [debug] [ThreadPool]: Opening a new connection, currently in state init
[0m18:04:14.420356 [debug] [ThreadPool]: sqlserver adapter: Using connection string: DRIVER={ODBC Driver 18 for SQL Server};SERVER=45.124.94.158,1433;Database=xomdata_dataset;UID=***;PWD=***;encrypt=Yes;TrustServerCertificate=Yes;APP=dbt-sqlserver/1.11.0;Pooling=true;SQL_ATTR_TRACE=SQL_OPT_TRACE_OFF;ConnectRetryCount=3;ConnectRetryInterval=10
[0m18:04:16.765416 [debug] [ThreadPool]: sqlserver adapter: Connected to db: xomdata_dataset
[0m18:04:17.227482 [debug] [ThreadPool]: SQL status: OK in 3.000 seconds
[0m18:04:17.230701 [debug] [ThreadPool]: On list_xomdata_dataset_web_analytics: ROLLBACK
[0m18:04:17.231460 [debug] [ThreadPool]: On list_xomdata_dataset_web_analytics: Close
[0m18:04:17.234077 [debug] [MainThread]: Sending event: {'category': 'dbt', 'action': 'runnable_timing', 'label': '845585e3-7ad9-4e93-b08c-8bbdb39d2931', 'context': [<snowplow_tracker.self_describing_json.SelfDescribingJson object at 0x1051799a0>]}
[0m18:04:17.239534 [debug] [Thread-1 (]: Began running node sql_operation.web_analytics.inline_query
[0m18:04:17.240410 [debug] [Thread-1 (]: Re-using an available connection from the pool (formerly list_xomdata_dataset_web_analytics, now sql_operation.web_analytics.inline_query)
[0m18:04:17.240878 [debug] [Thread-1 (]: Began compiling node sql_operation.web_analytics.inline_query
[0m18:04:17.247544 [debug] [Thread-1 (]: Writing injected SQL for node "sql_operation.web_analytics.inline_query"
[0m18:04:17.248527 [debug] [Thread-1 (]: Began executing node sql_operation.web_analytics.inline_query
[0m18:04:17.257885 [debug] [Thread-1 (]: Using sqlserver connection "sql_operation.web_analytics.inline_query"
[0m18:04:17.258300 [debug] [Thread-1 (]: On sql_operation.web_analytics.inline_query: /* {"app": "dbt", "dbt_version": "1.12.0", "profile_name": "profile_web_analytics", "target_name": "dev", "node_id": "sql_operation.web_analytics.inline_query"} */

  
SELECT device_type, COUNT(*) AS n
FROM web_analytics.website_sessions
GROUP BY device_type

        order by (select null) offset 0 rows fetch first 20 rows only

[0m18:04:17.258599 [debug] [Thread-1 (]: Opening a new connection, currently in state closed
[0m18:04:17.258995 [debug] [Thread-1 (]: sqlserver adapter: Using connection string: DRIVER={ODBC Driver 18 for SQL Server};SERVER=45.124.94.158,1433;Database=xomdata_dataset;UID=***;PWD=***;encrypt=Yes;TrustServerCertificate=Yes;APP=dbt-sqlserver/1.11.0;Pooling=true;SQL_ATTR_TRACE=SQL_OPT_TRACE_OFF;ConnectRetryCount=3;ConnectRetryInterval=10
[0m18:04:17.259360 [debug] [Thread-1 (]: sqlserver adapter: Connected to db: xomdata_dataset
[0m18:04:17.788120 [debug] [Thread-1 (]: SQL status: OK in 1.000 seconds
[0m18:04:17.791685 [debug] [Thread-1 (]: On sql_operation.web_analytics.inline_query: Close
[0m18:04:17.792646 [debug] [Thread-1 (]: Finished running node sql_operation.web_analytics.inline_query
[0m18:04:17.793656 [debug] [MainThread]: Connection 'master' was properly closed.
[0m18:04:17.794033 [debug] [MainThread]: Connection 'sql_operation.web_analytics.inline_query' was properly closed.
[0m18:04:17.794693 [debug] [MainThread]: Command end result
[0m18:04:17.831689 [debug] [MainThread]: Wrote artifact WritableManifest to /Users/nobit/Documents/Development/web_analytics/target/manifest.json
[0m18:04:17.833391 [debug] [MainThread]: Wrote artifact SemanticManifest to /Users/nobit/Documents/Development/web_analytics/target/semantic_manifest.json
[0m18:04:17.834817 [debug] [MainThread]: Wrote artifact OsiDocument to /Users/nobit/Documents/Development/web_analytics/target/osi_document.json
[0m18:04:17.839039 [debug] [MainThread]: Wrote artifact RunExecutionResult to /Users/nobit/Documents/Development/web_analytics/target/run_results.json
[0m18:04:17.839300 [info ] [MainThread]: Previewing inline node:
| device_type |      n |
| ----------- | ------ |
| mobile      | 145844 |
| desktop     | 327027 |

[0m18:04:17.841050 [debug] [MainThread]: Resource report: {"command_name": "show", "command_success": true, "command_wall_clock_time": 3.8519258, "process_in_blocks": "0", "process_kernel_time": 0.169697, "process_mem_max_rss": "146489344", "process_out_blocks": "0", "process_user_time": 0.998778}
[0m18:04:17.841303 [debug] [MainThread]: Command `dbt show` succeeded at 18:04:17.841257 after 3.85 seconds
[0m18:04:17.841510 [debug] [MainThread]: Sending event: {'category': 'dbt', 'action': 'invocation', 'label': 'end', 'context': [<snowplow_tracker.self_describing_json.SelfDescribingJson object at 0x103f77e60>, <snowplow_tracker.self_describing_json.SelfDescribingJson object at 0x1059123f0>, <snowplow_tracker.self_describing_json.SelfDescribingJson object at 0x105b8f5f0>]}
[0m18:04:17.841707 [debug] [MainThread]: Flushing usage events
[0m18:04:18.963978 [debug] [MainThread]: An error was encountered while trying to flush usage events
